(435) 555-1698
(435) 555-1698
Invalid input
(801) 123-9876
(801) 123-9876
Invalid input
Invalid input
(607) 493-3411
Invalid input
(987) 432-7654
Invalid input
(518) 633-0524
(737) 703-8953
(364) 413-4525
(782) 944-1649
(485) 978-9058
(302) 184-5412
Invalid input
Invalid input
(701) 450-6297
Invalid input
(606) 375-8079
(217) 472-7917
Invalid input
(293) 676-6160
(461) 027-2318
(497) 627-5322
(196) 802-9084
(869) 806-6078
Invalid input
(369) 306-8866
(991) 000-9546
(638) 272-0457
Invalid input
(538) 006-0494
Invalid input
(947) 374-8275
(415) 213-6708
(556) 623-4733
(273) 261-0322
(546) 299-5515
(333) 327-8534
Invalid input
(306) 183-4941
(859) 703-4662
Invalid input
Invalid input
(252) 487-5398
(018) 842-0050
(785) 977-8119
(542) 186-8105
(036) 435-2096
(882) 417-7418
(484) 276-7307
(051) 784-0473
(448) 194-6388
(526) 995-3094
Invalid input
(424) 420-5608
(297) 869-9582
(278) 269-1335
(038) 821-9580
(002) 367-0088
Invalid input
(536) 706-2385
(340) 299-9595
(421) 449-3173
(549) 471-2214
(716) 563-1782
(315) 518-2287
(453) 367-7835
Invalid input
(527) 624-4651
(215) 434-4853
(769) 081-7024
(934) 752-9698
(022) 149-1432
(329) 061-9936
Invalid input
Invalid input
(878) 769-7346
Invalid input
(406) 737-2565
(123) 130-8273
Invalid input
(289) 406-8454
(565) 800-5934
Invalid input
(925) 974-2381
(949) 121-7345
(994) 238-7071
(517) 881-8932
(433) 818-9305
(478) 385-4065
Invalid input
(920) 025-0967
Invalid input
(734) 245-7971
(529) 907-5105
(424) 419-4898
(028) 140-3441
(892) 126-5686
Invalid input
Invalid input
(602) 625-5294
Invalid input
(355) 728-8497
(276) 009-1621
Invalid input
(943) 792-1622
(906) 019-5241
(074) 649-4010
(321) 976-4939
(072) 724-2608
Invalid input
(373) 571-1346
(762) 234-1651
(224) 061-0089
(430) 578-5488
Invalid input
(162) 453-6498
(528) 237-8211
(027) 745-0970
(158) 773-5229
(404) 338-4404
(023) 182-6559
(016) 848-3219
(517) 941-5720
(931) 025-6359
(931) 211-7683
(081) 160-8196
(759) 163-9122
(275) 546-1271
(901) 172-9531
(295) 708-1955
(345) 615-2141
(977) 809-3376
(450) 640-3219
(975) 140-4209
(622) 510-7737
(100) 463-2345
Invalid input
(241) 372-8048
(998) 896-8817
(059) 076-6297
(732) 662-4900
(432) 297-7721
(608) 341-4339
(320) 513-1499
(222) 611-0845
(247) 424-3944
Invalid input
Invalid input
(396) 859-1226
(535) 867-3333
(684) 193-8173
(129) 042-4824
Invalid input
Invalid input
Invalid input
(834) 550-6963
(810) 024-6774
(750) 986-4010
(764) 598-7479
(699) 579-2841
(060) 868-8959
(470) 640-4588
(230) 620-6000
Invalid input
Invalid input
(806) 939-8703
(302) 124-4726
(271) 238-2529
(720) 299-6543
Invalid input
(757) 894-5614
(368) 720-5280
Invalid input
(617) 309-3902
(771) 051-0116
(088) 667-7725
(347) 843-5997
(508) 639-1346
(974) 707-5855
(939) 967-0414
(917) 713-4959
(305) 657-3007
(810) 596-6418
(893) 428-7350
(629) 708-4504
(828) 782-0330
(407) 982-8614
(295) 700-2508
(439) 530-7073
(692) 139-3762
(267) 062-3338
Invalid input
(979) 906-0267
(748) 976-6689
(159) 228-1058
Invalid input
(037) 530-4638
(834) 483-6452
Invalid input
Invalid input
Invalid input
(369) 788-8151
Invalid input
Invalid input
Invalid input
(088) 411-5983
(065) 961-4600
(069) 905-6229
Invalid input
(029) 267-7486
(332) 606-3661
(344) 248-1307
(896) 967-1961
(793) 468-5437
(020) 168-7670
Invalid input
Invalid input
(604) 580-1777
(502) 230-1842
(804) 373-1691
(573) 426-6963
Invalid input
(343) 569-8818
(844) 401-6379
(784) 268-3046
(724) 283-0270
Invalid input
(776) 115-1645
(806) 795-5625
Invalid input
(389) 425-6381
(115) 901-1596
(859) 917-2965
(074) 259-5874
(838) 975-7031
Invalid input
(641) 844-4964
(655) 198-0860
(334) 263-3660
(594) 728-6291
(546) 546-2763
(571) 486-2420
(297) 773-1864
(388) 654-6389
(762) 146-9912
(308) 778-4240
(476) 436-1052
(884) 761-6585
(151) 704-0259
(311) 076-0748
(279) 310-5000
(040) 164-9950
Invalid input
(482) 692-8825
Invalid input
(987) 196-4092
(248) 094-8405
(447) 574-7298
(046) 445-9482
(629) 432-5634
(773) 847-6773
(294) 228-9471
(100) 002-0844
Invalid input
(844) 620-8189
(663) 544-7416
(201) 858-3544
(665) 375-7559
(843) 376-0193
(091) 745-3578
(280) 387-1035
(068) 843-9128
(610) 851-9863
(377) 352-1915
Invalid input
(356) 090-6010
Invalid input
Invalid input
(591) 994-0279
(751) 854-8161
(950) 329-2932
(937) 101-6835
(466) 401-9435
Invalid input
(075) 579-6623
Invalid input
Invalid input
(410) 653-4851
(006) 225-8991
(075) 356-6160
Invalid input
(046) 120-9251
Invalid input
(810) 134-7873
(744) 772-1325
Invalid input
Invalid input
(628) 412-6837
Invalid input
(379) 890-7598
(464) 455-4042
(706) 072-3852
(754) 061-0270
(325) 413-0427
(590) 646-9031
(171) 688-1672
(740) 466-9165
(315) 656-1554
(606) 451-7387
(235) 683-0360
Invalid input
Invalid input
Invalid input
(638) 157-3852
(673) 720-0002
(161) 843-3204
(660) 755-4926
(134) 007-3400
(300) 641-0259
(371) 404-2473
(231) 932-6001
(225) 498-9273
(683) 840-7721
(299) 091-6070
(660) 823-0563
Invalid input
(305) 669-0784
(831) 965-3148
(446) 764-6891
(904) 963-6003
(983) 610-6013
(340) 309-1193
(668) 924-6925
(778) 778-1474
Invalid input
(117) 958-0373
Invalid input
(934) 889-6281
(803) 571-5784
(191) 596-9769
Invalid input
(339) 580-8850
(237) 513-3801
(630) 054-6982
(328) 534-8713
(642) 313-5920
(947) 218-4415
(605) 862-4111
(405) 917-4534
(528) 156-3944
(129) 289-5980
(809) 592-4507
(371) 795-0222
Invalid input
Invalid input
(208) 348-6496
Invalid input
(473) 411-6434
(507) 880-6959
(127) 742-2934
(023) 446-5254
(359) 659-0409
(837) 507-1602
(852) 650-9924
(174) 442-3462
(936) 653-5161
(136) 946-3675
Invalid input
(059) 988-5134
(080) 852-3969
(525) 103-5058
Invalid input
Invalid input
(194) 601-7314
(927) 287-7154
Invalid input
Invalid input
(153) 585-9490
(265) 018-8533
(909) 121-4147
(314) 995-0196
(562) 483-2053
(099) 384-0093
(519) 667-7718
(361) 794-5388
(427) 797-3375
(643) 024-1949
Invalid input
(798) 918-5264
Invalid input
(328) 966-7573
Invalid input
(400) 571-9079
(816) 280-7277
(732) 997-4581
(635) 462-9877
(544) 088-7270
(517) 611-1999
(050) 001-2120
(896) 405-2397
(587) 720-3022
(612) 897-3211
(032) 716-4539
(547) 811-1509
(085) 990-4798
(923) 110-3708
(879) 467-2237
Invalid input
(136) 096-1155
(226) 259-4161
Invalid input
(371) 245-3162
Invalid input
Invalid input
(317) 700-6697
(099) 932-6338
(066) 899-4711
(375) 120-2656
(210) 639-5177
(160) 792-1327
Invalid input
(528) 035-2102
(759) 188-1789
(460) 058-3353
(749) 871-9544
(889) 531-4935
(039) 908-1945
Invalid input
(489) 650-5777
(309) 986-2443
(013) 625-3333
(189) 399-4404
(676) 782-0577
(999) 795-2625
(771) 306-6208
(484) 204-5724
Invalid input
(353) 898-4711
(623) 908-1862
(835) 761-0581
(939) 633-5446
(536) 940-8015
(301) 248-2561
(995) 937-9314
(766) 754-8208
(756) 465-3029
(097) 345-2395
Invalid input
(042) 393-3365
(902) 412-1778
(101) 368-1537
(703) 718-2658
(715) 202-3755
Invalid input
Invalid input
(269) 738-5896
(944) 307-4349
(749) 519-5893
Invalid input
(775) 002-1984
(765) 319-4437
(912) 250-9385
(480) 103-2058
(479) 649-7645
(128) 538-7289
(378) 473-5419
Invalid input
(409) 674-6335
(310) 798-2827
(270) 970-9467
(670) 289-0535
(987) 880-0048
(173) 924-8433
(492) 069-8086
(671) 460-5646
(069) 934-5611
(174) 876-6268
(800) 656-8406
Invalid input
(537) 221-8286
(470) 779-3472
(400) 708-7425
(030) 515-6331
(587) 795-2729
(546) 111-5911
(186) 518-4218
(837) 846-1508
(809) 236-2230
(984) 498-6392
(648) 286-7991
(191) 570-2790
Invalid input
(667) 630-1630
Invalid input
(738) 962-9611
(595) 642-3454
(500) 019-3272
(652) 840-4307
(049) 064-7949
(285) 828-4175
(620) 014-5494
(533) 815-6599
Invalid input
(915) 940-0554
(050) 305-0777
Invalid input
Invalid input
(723) 617-9900
(102) 972-7267
(582) 879-9003
Invalid input
(601) 775-1087
(776) 838-8519
(020) 121-9519
(221) 524-0841
(888) 963-5147
Invalid input
(275) 791-0298
(759) 432-7780
(884) 314-7791
(277) 411-6085
(521) 282-3756
Invalid input
(719) 172-7774
(471) 552-1984
(024) 827-8023
Invalid input
(236) 533-6001
(478) 062-1021
(613) 035-4351
Invalid input
(960) 981-5629
(189) 133-6821
(258) 011-2064
(422) 450-2590
Invalid input
(710) 162-0106
(074) 055-5553
Invalid input
Invalid input
(680) 016-0434
Invalid input
(823) 356-2881
(524) 929-5656
(882) 663-1114
(949) 301-1870
Invalid input
Invalid input
(290) 748-4033
(923) 279-8770
Invalid input
(423) 719-5257
Invalid input
(405) 419-0590
Invalid input
(896) 463-2544
(685) 066-4216
(600) 188-2207
(673) 204-9894
(346) 745-4967
(334) 603-3667
(117) 417-0230
(536) 416-3619
(667) 123-5676
(758) 077-8929
(083) 189-7069
(568) 053-5248
(402) 517-9944
Invalid input
(346) 913-3010
(390) 781-3181
(386) 715-3323
(030) 988-5164
Invalid input
(578) 772-2708
(956) 346-1262
(999) 116-8692
(053) 178-3078
(773) 621-7906
(252) 650-7308
(883) 825-8099
Invalid input
(327) 528-9940
(450) 029-6372
(207) 239-3812
Invalid input
(127) 155-5955
(108) 287-3307
Invalid input
Invalid input
Invalid input
(221) 769-9161
(726) 937-4080
Invalid input
(523) 414-7374
(519) 990-2404
(315) 640-6533
(746) 067-0726
Invalid input
(739) 083-0300
Invalid input
(896) 675-6672
(178) 869-6363
Invalid input
Invalid input
(817) 798-8384
Invalid input
Invalid input
(254) 163-1030
Invalid input
(640) 817-6756
(864) 807-6730
(288) 112-1862
Invalid input
Invalid input
(006) 052-2567
(962) 632-9898
(518) 417-5471
Invalid input
Invalid input
(318) 171-7985
(642) 238-3698
(585) 813-3404
(365) 093-6113
(016) 581-0736
(015) 236-7138
(643) 699-2872
(420) 966-4391
(195) 261-1862
Invalid input
(962) 464-3756
Invalid input
(088) 235-8346
(039) 197-4050
(329) 093-6010
(103) 265-1181
(696) 495-9322
(722) 214-9816
(114) 575-3599
(710) 928-4927
(177) 223-7346
(180) 109-3833
(195) 772-8323
Invalid input
Invalid input
(954) 867-7695
(561) 739-7990
(528) 038-7683
(504) 988-3356
(178) 688-0625
(483) 291-9180
(572) 281-7032
(679) 845-8196
(720) 825-8265
(003) 247-5203
Invalid input
(886) 930-9979
(365) 893-5291
(729) 189-7849
(405) 736-1956
(453) 418-1893
(602) 564-7883
(124) 109-3492
Invalid input
Invalid input
Invalid input
(737) 332-9431
(827) 583-1434
(724) 453-3892
(350) 128-5928
Invalid input
(084) 634-1700
Invalid input
(719) 347-2732
(760) 925-4197
(554) 379-0077
Invalid input
(476) 406-8708
(281) 341-9438
(395) 255-2941
(724) 008-4456
(209) 778-6907
(494) 894-4037
(204) 595-1239
(826) 569-0577
Invalid input
Invalid input
(419) 772-6163
(141) 806-8284
Invalid input
(605) 854-6740
Invalid input
(819) 057-1562
(890) 682-6585
(557) 925-3507
Invalid input
(894) 054-8687
(673) 075-4710
(409) 340-0238
Invalid input
Invalid input
(577) 594-3887
(963) 975-9425
(957) 935-4540
(554) 206-9028
Invalid input
(054) 936-0532
(635) 068-4141
(739) 657-8876
(413) 180-4897
(401) 160-5017
(490) 704-0312
(776) 518-3806
(114) 325-5338
(594) 701-3195
Invalid input
(871) 618-2867
(954) 570-3408
(765) 391-3861
(216) 753-6152
Invalid input
Invalid input
Invalid input
(633) 574-6812
Invalid input
(959) 344-0569
Invalid input
Invalid input
Invalid input
Invalid input
(576) 281-8243
(042) 839-8144
(370) 678-9950
(325) 509-2366
Invalid input
(543) 354-9700
(693) 929-5754
(453) 304-6129
(291) 496-9613
Invalid input
(168) 011-7068
(955) 311-6857
(064) 250-2440
(104) 084-3848
(403) 409-3808
(807) 691-9559
(833) 558-4124
(658) 895-8220
(413) 765-5952
(350) 558-9783
(823) 535-2425
(115) 758-5117
(767) 335-6921
(155) 832-1938
Invalid input
Invalid input
(414) 143-7674
(285) 249-0819
(751) 726-3487
(111) 402-0276
(151) 507-3232
(274) 667-9252
(406) 728-5344
(435) 310-0673
(057) 024-1966
(932) 939-8491
(513) 239-3553
(179) 337-2330
Invalid input
Invalid input
(216) 073-5212
(298) 970-9972
(532) 417-7281
(200) 673-4592
(385) 309-7132
(775) 746-3600
(359) 695-8678
(586) 840-8078
(952) 494-1028
(471) 552-1560
Invalid input
(070) 409-0132
Invalid input
(690) 415-6241
(597) 912-8726
Invalid input
(440) 179-5305
(219) 611-4228
Invalid input
(904) 220-6585
(130) 666-5592
(835) 319-8118
Invalid input
(952) 690-5850
(356) 411-4798
(447) 054-8347
Invalid input
Invalid input
Invalid input
(658) 110-6692
(364) 968-2545
(952) 413-5463
Invalid input
Invalid input
Invalid input
(346) 246-0912
(629) 951-3496
(791) 697-6580
Invalid input
(230) 033-9352
(207) 519-3434
Invalid input
(803) 400-2166
(611) 725-6610
(419) 896-7952
(119) 908-8570
(963) 020-3921
(352) 056-0878
(935) 751-1018
(431) 816-3886
(056) 911-0534
(632) 662-5935
(696) 524-7783
Invalid input
(519) 210-2285
(910) 780-5875
(466) 500-2855
(699) 847-0218
(609) 489-5017
(547) 166-8151
(835) 991-8370
(212) 827-6145
(788) 513-3578
(034) 252-4465
Invalid input
Invalid input
(536) 296-6384
Invalid input
(401) 349-0353
(852) 338-8451
Invalid input
(790) 255-3455
(052) 396-8514
(207) 753-9965
(888) 193-6707
Invalid input
(773) 659-6293
(586) 901-0533
(968) 725-3859
(775) 332-8881
Invalid input
(528) 446-0368
Invalid input
Invalid input
(719) 334-7104
(980) 022-9940
(071) 220-7894
(057) 213-9610
(669) 099-4547
(004) 608-5120
(187) 756-7750
(402) 699-2864
(310) 547-1550
(311) 960-6395
(470) 236-9149
(570) 817-6760
(744) 261-0106
(354) 877-6430
(083) 356-1905
(420) 212-3396
(139) 364-2559
(972) 639-9884
(848) 580-2872
(153) 385-0555
Invalid input
(813) 061-6159
(974) 243-8834
Invalid input
(481) 105-4131
Invalid input
Invalid input
Invalid input
(086) 590-5598
(723) 646-9374
Invalid input
(426) 819-8735
(201) 695-4101
(537) 800-2567
(125) 913-2495
(424) 666-4271
(479) 670-4781
(989) 828-4938
(810) 864-5525
(779) 638-8430
(329) 338-5527
Invalid input
(434) 430-8000
Invalid input
(238) 967-7068
(856) 376-0221
Invalid input
(690) 143-5634
Invalid input
(100) 663-1248
(618) 761-8540
(398) 687-8288
(744) 565-6729
(646) 039-0822
(024) 486-5704
(869) 932-4323
(972) 299-7699
(383) 920-4508
Invalid input
Invalid input
(424) 892-0545
Invalid input
(113) 715-0976
Invalid input
Invalid input
(560) 969-1590
(363) 462-5433
(669) 201-9820
(887) 429-9285
(717) 418-9153
(266) 129-0913
(979) 568-1331
Invalid input
(961) 005-6193
(782) 447-7707
(982) 802-1636
(592) 041-6259
(688) 444-7487
Invalid input
Invalid input
(732) 666-1300
(491) 404-1434
(236) 712-5749
(806) 038-4735
(697) 080-2242
Invalid input
(324) 321-1503
(730) 677-2450
(127) 165-2699
Invalid input
Invalid input
(748) 154-5646
Invalid input
(775) 350-5350
(967) 705-8908
(387) 429-4580
Invalid input
(898) 190-2224
(839) 423-2963
Invalid input
(942) 756-6456
(609) 595-0841
(963) 120-6552
(898) 948-5967
(798) 938-1439
(458) 052-3447
Invalid input
Invalid input
(320) 162-9687
Invalid input
(240) 464-4741
(398) 872-8739
(063) 626-9065
(512) 223-2312
Invalid input
(675) 736-1187
(965) 786-3750
(904) 360-4641
(099) 013-7771
Invalid input
Invalid input
(231) 393-8238
(746) 382-4370
(665) 117-9137
(115) 720-2818
(416) 882-2803
(785) 893-0439
(877) 322-7039
(014) 556-5145
(248) 119-8645
(449) 428-0131
(048) 403-7786
(222) 758-1032
(663) 353-4280
(720) 535-4575
Invalid input
Invalid input
(737) 215-4035
(909) 334-7809
(946) 537-7942
Invalid input
(074) 866-7801
(381) 572-3522
(086) 716-7754
(074) 589-1111
(835) 241-9856
(984) 324-0405
(469) 052-2567
(030) 064-6020
Invalid input
Invalid input
(609) 745-1355
