abcdefghijklmnopqrstuvwxyz
abcdefghijklmnopqrstuvwxyz
cdefghijklmopqrstuvx
adeghiklmnoprstuvwy
acdfhiklmouw
acdfhiklmouw
acdefghiklmnorstuvwy
acehilms
abcdefghiklmnoprstuvwy
abcdefghiklmnoprstuvwxyz
abcdefghiklmnoprstuwy
abcdefghiklmnoprstuvwxy
